// Jest Snapshot v1, https://goo.gl/fbAQLP

exports[`Testing collection preview component Shallow snapshot testing collection preview component 1`] = `ShallowWrapper {}`;
