// Jest Snapshot v1, https://goo.gl/fbAQLP

exports[`Testing form-input component Shallow snapshot testing of form-input component 1`] = `ShallowWrapper {}`;
