// Jest Snapshot v1, https://goo.gl/fbAQLP

exports[`Testing of custom button component Shallow snapshot testing of custom-button component 1`] = `ShallowWrapper {}`;
