// Jest Snapshot v1, https://goo.gl/fbAQLP

exports[`Testing of directory component Shallow snapshot testing of directory component 1`] = `ShallowWrapper {}`;
